// Jest Snapshot v1, https://goo.gl/fbAQLP

exports[`<Text /> renders correctly 1`] = `
<Text
  style={
    Array [
      Object {
        "backgroundColor": "transparent",
        "color": "#333",
        "fontFamily": "System",
        "fontSize": 16,
      },
      undefined,
    ]
  }
/>
`;
