// Jest Snapshot v1, https://goo.gl/fbAQLP

exports[`<SelectModal /> renders correctly 1`] = `
<View
  style={
    Array [
      Array [
        Object {
          "flex": 1,
        },
      ],
      Object {
        "flex": 1,
      },
      undefined,
    ]
  }
>
  <View
    style={
      Array [
        Object {
          "paddingBottom": 8,
          "paddingTop": 8,
        },
        undefined,
      ]
    }
  >
    <View
      style={
        Array [
          Object {
            "marginLeft": 10,
            "marginRight": 10,
          },
          undefined,
        ]
      }
    >
      <View
        style={
          Array [
            Object {
              "overflow": "hidden",
              "position": "relative",
            },
            undefined,
          ]
        }
      >
        <View
          accessible={true}
          collapsable={false}
          focusable={true}
          onBlur={[Function]}
          onClick={[Function]}
          onFocus={[Function]}
          onResponderGrant={[Function]}
          onResponderMove={[Function]}
          onResponderRelease={[Function]}
          onResponderTerminate={[Function]}
          onResponderTerminationRequest={[Function]}
          onStartShouldSetResponder={[Function]}
          style={
            Array [
              Object {
                "alignItems": "center",
                "backgroundColor": "#1AC0C6",
                "borderRadius": undefined,
                "height": 48,
                "justifyContent": "center",
                "overflow": "hidden",
              },
              Object {
                "marginBottom": 8,
              },
              null,
            ]
          }
        >
          <Text
            style={
              Object {
                "backgroundColor": "transparent",
                "color": "white",
                "fontFamily": "System",
              }
            }
          >
            Done
          </Text>
        </View>
      </View>
    </View>
  </View>
</View>
`;
