// Jest Snapshot v1, https://goo.gl/fbAQLP

exports[`<H1 /> renders correctly 1`] = `
<Text
  style={
    Array [
      Object {
        "fontFamily": "System",
        "fontSize": 32,
      },
      undefined,
    ]
  }
>
  Example Title
</Text>
`;
