// Jest Snapshot v1, https://goo.gl/fbAQLP

exports[`<Column /> renders correctly 1`] = `
<View
  style={
    Array [
      Object {
        "marginLeft": 10,
        "marginRight": 10,
      },
      undefined,
    ]
  }
/>
`;
