// Jest Snapshot v1, https://goo.gl/fbAQLP

exports[`<Row /> renders correctly 1`] = `
<View
  style={
    Array [
      Object {
        "alignItems": "center",
        "alignSelf": "stretch",
        "flexDirection": "row",
      },
      undefined,
      undefined,
    ]
  }
/>
`;
